border_size=1
usage=map

Mm          , Mm          , Mm          , Mm          , Mm          , Mm          , Hh          , Gg          , Re          , Gg          , Gg          , Hh          , Mm          , Mm          , Mm          , Mm          , Mm          , Mm          , Mm          , Mm          , Mm          , Mm          , Mm          , Mm          , Mm          , Mm          , Mm          , Mm          , Mm          , Mm          , Mm          , Mm          , Mm          , Mm          , Mm          , Mm          , Mm          , Mm          , Mm          , Ww          , Mm          , Mm          , Mm          , Mm          , Mm          , Mm          , Mm          , Mm          , Mm          , Mm          , Mm          , Mm          
Mm          , Mm          , Mm          , Mm          , Mm          , Mm          , Hh          , Ggf         , Re          , Gg          , Gg          , Hh          , Mm          , Mm^Xm       , Mm^Xm       , Mm          , Mm          , Mm          , Mm          , Mm          , Mm          , Mm          , Mm          , Mm          , Mm          , Mm          , Mm          , Mm          , Mm          , Mm          , Mm          , Mm          , Mm          , Mm          , Mm          , Mm          , Mm          , Mm          , Ww          , Ww          , Mm          , Mm          , Mm          , Mm          , Mm^Xm       , Mm          , Mm          , Mm          , Mm          , Mm          , Mm          , Mm          
Mm          , Mm          , Mm^Xm       , Mm          , Mm          , Hh          , Gg          , Re          , Re          , Gg          , Hh          , Hh          , Mm          , Mm          , Mm          , Mm^Xm       , Mm          , Mm^Xm       , Mm^Xm       , Mm^Xm       , Mm          , Mm          , Mm          , Mm          , Mm          , Mm          , Mm          , Mm^Xm       , Mm          , Mm^Xm       , Mm^Xm       , Mm^Xm       , Mm          , Mm          , Mm          , Mm          , Ww          , Ww          , Mm          , Mm          , Mm          , Mm          , Mm^Xm       , Mm^Xm       , Mm          , Mm          , Mm          , Hh          , Hh          , Hh          , Hh          , Hh          
Mm          , Mm          , Mm          , Mm          , Hh          , Hh          , Gg          , Re          , Gg          , Gg          , Gg          , Hh          , Hh          , Mm          , Mm          , Mm          , Mm          , Mm          , Mm          , Mm^Xm       , Mm          , Mm          , Hh          , Mm          , Hh          , Mm          , Mm          , Mm          , Mm          , Mm          , Mm          , Mm          , Mm          , Mm          , Mm          , Mm          , Ww          , Mm          , Mm          , Mm          , Mm          , Mm^Xm       , Mm          , Mm          , Mm          , Mm          , Hh          , Hh          , Gg          , Gg          , Gg          , Gg          
Mm          , Mm          , Mm          , Mm          , Hh          , Gg          , Gg          , Gg          , Re          , Gg          , Ggf         , Gg          , Hh          , Mm          , Mm          , Mm          , Mm          , Mm          , Mm          , Mm          , Mm          , Mm          , Hh          , Hh          , Hh          , Mm          , Hh          , Mm          , Hh          , Mm          , Mm          , Mm          , Mm          , Mm          , Mm          , Mm          , Ww          , Mm          , Mm          , Hh          , Hh          , Mm          , Mm          , Mm          , Mm          , Mm          , Mm          , Hh          , Gg          , Ggf         , Ggf         , Gg          
Hh          , Hh          , Gg          , Hh          , Hh          , Gg          , Gg          , Gg          , Re          , Ggf         , Ggf         , Gg          , Hh          , Hh          , Hh          , Mm          , Hh          , Hh          , Hh          , Hh          , Mm          , Hh          , Hh          , Gg          , Gg          , Hh          , Gg          , Hh          , Gg          , Hh          , Hh          , Mm          , Mm          , Mm          , Mm          , Mm          , Ww          , Hh          , Hh          , Hh          , Hh          , Mm          , Mm          , Mm          , Mm          , Mm          , Hh          , Hh          , Gg          , Ggf         , Gg          , Gg          
Hh          , Hh          , Hh          , Hh          , Gg          , Gg          , Ggf         , Gg          , Re          , Gg          , Ggf         , Ggf         , Gg          , Gg          , Gg          , Hh          , Gg          , Gg          , Gg          , Hh          , Hh          , Hh          , Hh          , Gg          , Ggf         , Gg          , Hh          , Hh          , Gg          , Hh          , Mm          , Mm          , Hh          , Mm          , Hh          , Mm          , Ww          , Hh          , Gg          , Gg          , Gg          , Hh          , Mm          , Mm          , Mm          , Hh          , Gg          , Hh          , Gg          , Gg          , Gg          , Gg          
Gg          , Gg          , Gg          , Hh          , Gg          , Ggf         , Gg          , Gg          , Re          , Gg          , Gg          , Ggf         , Ggf         , Ggf         , Ggf         , Gg          , Gg          , Ggf         , Ggf         , Gg          , Gg          , Gg          , Gg          , Gg          , Gg          , Gg          , Gg          , Gg          , Gg          , Hh          , Hh          , Hh          , Ggf         , Hh          , Ggf         , Ww          , Gg          , Hh          , Hh          , Ggf         , Gg          , Hh          , Hh          , Mm          , Hh          , Hh          , Gg          , Gg          , Ggf         , Gg          , Gs^Fp       , Gs^Fp       
Ggf         , Ggf         , Gg          , Hh          , Gg          , Ggf         , Ggf         , Gg          , Re          , Re          , Gg          , Ggf         , Gg          , Ggf         , Gg          , Gg          , Gg          , Gg          , Gs^Fdw      , Gg          , Gs^Fdw      , Gg          , Gs^Fmw      , Gg          , Gs^Fmw      , Gg          , Gs^Fmw      , Gg          , Gg          , Gg          , Ggf         , Ggf         , Gg          , Ggf         , Ww          , Ww          , Gg          , Gg          , Gg          , Gg          , Gg          , Gg          , Gg          , Hh          , Gg          , Gg          , Gg          , Ggf         , Gg          , Gg          , Gs^Fp       , Gs^Fp       
Gg          , Ggf         , Ggf         , Gg          , Gg          , Gg          , Gg          , Gg          , Gg          , Re          , Gg          , Gg          , Ggf         , Gg          , Gg          , Gg          , Gs^Fdw      , Gs^Fdw      , Gs^Fmw      , Gs^Fmw      , Gs^Fmw      , Gs^Fdw      , Gs^Fmw      , Gs^Fmw      , Gs^Fmw      , Gs^Fmw      , Gs^Fdw      , Gs^Fdw      , Gs^Fdw      , Gg          , Gg          , Gg          , Gg          , Gg          , Ww          , Gg          , Gg          , Gg          , Ggf         , Ggf         , Gg          , Gg          , Gg          , Gg          , Gg          , Gg          , Ggf         , Ggf         , Gg          , Gs^Fp       , Gs^Fp       , Gs^Fp       
Gg          , Ggf         , Gg          , Gg          , Hh^Fdw      , Gg          , Hh          , Gg          , Gg          , Re          , Gg          , Gg          , Ggf         , Gg          , Gg          , Gg          , Gs^Fdw      , Gs^Fmw      , Gs^Fdw      , Gs^Fdw      , Gs^Fdw      , Gs^Fmw      , Gs^Fdw      , Gs^Fdw      , Gs^Fdw      , Gs^Fdw      , Gs^Fmw      , Gs^Fdw      , Gg          , Gg          , Gg          , Ggf         , Gg          , Gg          , Gg          , Ww^Bw/      , Gg          , Gg          , Gg          , Ggf         , Ggf         , Gg          , Ggf         , Ggf         , Gg          , Gg          , Gg          , Gg          , Gg          , Gs^Fp       , Gs^Fp       , Gs^Fmw      
Gg          , Gg          , Hh^Fdw      , Hh^Fdw      , Hh^Fdw      , Hh^Fdw      , Hh          , Gg          , Gg          , Re          , Gg          , Gg          , Gg          , Gg          , Gg          , Gg          , Gs^Fdw      , Gs^Fdw      , Gs^Fdw      , Gs^Fdw      , Gs^Fdw      , Gs^Fdw      , Gs^Fdw      , Gs^Fdw      , Gs^Fdw      , Gs^Fdw      , Gg          , Gs^Fdw      , Gg          , Ggf         , Gg          , Ggf         , Ggf         , Gg          , Gg          , Ww          , Gg          , Gg          , Gg^Ve       , Gg          , Gg          , Gg          , Gg          , Ggf         , Gg          , Gg          , Gs^Fmw      , Gg          , Gg          , Gs^Fmw      , Gs^Fmw      , Gs^Fp       
Gg          , Gg          , Gg          , Hh^Fdw      , Gg          , Hh^Fdw      , Hh^Fdw      , Gg          , Gg          , Re          , Gg          , Gg          , Gg          , Gg          , Gg^Ve       , Gg          , Gg          , Gs^Fdw      , Gg          , Gs^Fdw      , Ggf         , Gs^Fmw      , Gg          , Gg          , Re          , Gg          , Re          , Gg          , Re          , Gg          , Gg          , Gg          , Gg          , Ggf         , Gg          , Ww          , Gg          , Gg          , Gg          , Gg          , Gg          , Gg          , Ww          , Gg          , Gg          , Gs^Fmw      , Gs^Fmw      , Gg          , Ggf         , Gg          , Gg          , Gs^Fmw      
Ww          , Gg          , Gg          , Gg          , Gg          , Gg          , Gg          , Gg          , Gg          , Gg          , Re          , Gg          , Gg          , Gg          , Gg          , Gg          , Ggf         , Gg          , Ggf         , Gg          , Gg          , Gg          , Re          , Re          , Gg          , Re          , Gg          , Re          , Gg          , Re          , Re          , Gg          , Gg          , Gg          , Gg          , Ww          , Ww          , Ww          , Ww          , Ww^Bw|      , Ww          , Ww          , Gs^Fdw      , Ww          , Ww          , Gg          , Gg          , Gg          , Gg          , Gg          , Gg          , Gg          
Gg          , Ww          , Ww          , Ww          , Ww          , Ww          , Ww          , Ww          , Ww          , Ww          , Ww          , Gg          , Ww          , Gg          , Gg          , Gg          , Ggf         , Gg          , Ggf         , Gg          , Re          , Re          , Gs^Fmw      , Gs^Fmw      , Gs^Fmw      , Gg          , Gs^Fmw      , Gg          , Gg          , Gg          , Gg          , Re          , Gg          , Ggf         , Ggf         , Ggf         , Ggf         , Gg          , Gg          , Gg          , Gs^Fdw      , Gs^Fdw      , Gs^Fdw      , Gs^Fdw      , Gg          , Ww          , Gg          , Gg          , Yl          , Yl          , Gg          , Gg          
Gg          , Gg          , Gg          , Gg          , Gg          , Gg          , Gg          , Ggf         , Gg          , Re          , Gg          , Ww          , Gg          , Ww          , Ww          , Gg          , Gg          , Ggf         , Gg          , Re          , Gg          , Gg          , Gs^Fmw      , Gs^Fmw      , Gs^Fdw      , Gs^Fmw      , Gs^Fdw      , Gs^Fdw      , Gs^Fdw      , Gg          , Gs^Fdw      , Gg          , Gg          , Re          , Re          , Gg          , Gg          , Ggf         , Gs^Fdw      , Gs^Fdw      , Gs^Fdw      , Gs^Fdw      , Gs^Fdw      , Gg          , Gg          , Ww          , Ww          , Gg          , Gg          , Gg          , Gg          , Gg          
Gs^Fms      , Gg          , Gg          , Gg          , Ggf         , Gg          , Gg          , Gg          , Gg          , Re          , Re          , Gg          , Gg          , Ww          , Ww          , Gg          , Gg          , Ggf         , Gg          , Re          , Gg          , Gs^Fmw      , Gs^Fmw      , Gs^Fmw      , Gs^Fdw      , Gs^Fdw      , Gs^Fdw      , Gs^Fdw      , Gs^Fmw      , Gs^Fdw      , Gs^Fdw      , Gg          , Gg          , Gg          , Gg          , Re          , Gg          , Gg          , Gs^Fdw      , Gs^Fdw      , Gg          , Gs^Fdw      , Gg          , Gs^Fdw      , Gg          , Gg          , Gg          , Ww          , Ggf         , Ggf         , Gg          , Gg          
Gs^Fms      , Gg          , Gg          , Gg          , Ggf         , Ggf         , Gg          , Gg          , Gg          , Gg          , Re          , Gg          , Ggf         , Gg          , Gg          , Ww          , Gg          , Ggf         , Gg          , Re          , Gg          , Gg          , Ggf         , Gs^Fdw      , Gs^Fdw      , Gs^Fmw      , Gs^Fdw      , Gs^Fdw      , Gs^Fdw      , Gs^Fdw      , Gs^Fmw      , Gs^Fdw      , Gs^Fdw      , Ggf         , Ggf         , Gg          , Re          , Gg          , Gg          , Gg          , Ggf         , Gg          , Gg          , Gg          , Ggf         , Gg          , Gg          , Ww          , Gg          , Ggf         , Dd          , Gg          
Gs^Fms      , Gs^Fms      , Gs^Fms      , Gg          , Gg          , Ggf         , Gg          , Gg          , Gg          , Gg          , Re          , Gg          , Gg          , Ggf         , Ww          , Ww          , Ggf         , Ggf         , Gg          , Re          , Gg          , Gg          , Gs^Fdw      , Gs^Fdw      , Gs^Fdw      , Gs^Fdw      , Gs^Fdw      , Gs^Fdw      , Gs^Fdw      , Gs^Fdw      , Gs^Fdw      , Gs^Fdw      , Gs^Fdw      , Gg          , Ggf         , Ggf         , Re          , Gg          , Gg          , Gg          , Ggf         , Ggf         , Ggf         , Ggf         , Gg          , Ggf         , Gg          , Ww          , Ww          , Gg          , Dd          , Dd          
Gs^Fms      , Gs^Fms      , Gs^Fms      , Gg          , Gg          , Gg          , Ggf         , Gg          , Gg          , Gg          , Cud         , Cud         , Cud         , Gg          , Gg          , Ww          , Ww          , Gg          , Re          , Re          , Gg          , Gg          , Gs^Fdw      , Gs^Fdw      , Gs^Fdw      , Gs^Fdw      , Gs^Fdw      , Gs^Fdw      , Re          , Gs^Fdw      , Gs^Fdw      , Gs^Fmw      , Gs^Fdw      , Gg^Ve       , Gg          , Gg          , Re          , Gg          , Gg          , Ggf         , Ggf         , Ggf         , Gg          , Gg          , Gg          , Ggf         , Gg          , Gg          , Dd          , Ww          , Ww          , Dd          
Gs^Fms      , Gs^Fms      , Gs^Fmw      , Gg          , Gg          , Gg          , Gg          , Gg          , Ggf         , Gg          , Cud         , 1 Khr       , Cud         , Gg          , Gg          , Ww          , Ww^Bw/      , Ww^Bw/      , Gg          , Gg          , Ggf         , Gg          , Gg          , Gs^Fdw      , Gs^Fdw      , Gs^Fmw      , Gs^Fdw      , Gs^Fdw      , Gs^Fdw      , Gs^Fdw      , Gs^Fdw      , Gs^Fdw      , Gs^Fdw      , Gs^Fdw      , Gs^Fdw      , Gg          , Gg          , Re          , Re          , Gg          , Gg          , Ggf         , Gg          , Gg          , Gg          , Ggf         , Gg          , Dd          , Dd          , Dd          , Dd          , Ww          
Gs^Fmw      , Gs^Fdw      , Gs^Fdw      , Gs^Fdw      , Gg          , Ggf         , Ggf         , Gg          , Gg          , Gg          , Gg          , Cud         , Gg          , Re          , Re          , Re          , Gg          , Ww          , Ww          , Ggf         , Ggf         , Gg          , Gs^Fdw      , Gs^Fdw      , Gs^Fdw      , Gs^Fdw      , Gs^Fdw      , Gs^Fdw      , Gs^Fdw      , Gs^Fdw      , Ybv         , Gs^Fdw      , Gs^Fdw      , Gs^Fdw      , Gs^Fdw      , Gg          , Gs^Fdw      , Gg          , Ggf         , Re          , Re          , Gg          , Gg          , Gg          , Co          , Co          , Co          , Dd          , Dd          , Dd          , Dd          , Dd          
Gs^Fdw      , Gs^Fdw      , Gg          , Gs^Fdw      , Gs^Fdw      , Gg          , Gg          , Gg          , Gg          , Gg          , Gg          , Gg          , Gg          , Gg          , Gg          , Gg          , Gg          , Ww          , Ww          , Gg          , Gg          , Gg          , Gs^Fdw      , Gs^Fdw      , Gs^Fdw      , Gs^Fdw      , Gs^Fdw      , Gs^Fdw      , Yl          , Gs^Fdw      , Gs^Fdw      , Gs^Fdw      , Gs^Fdw      , Gs^Fdw      , Gs^Fdw      , Gs^Fdw      , Gg          , Gg          , Gg          , Ggf         , Ggf         , Re          , Re          , Re          , Co          , 2 Ko        , Co          , Dd          , Dd          , Dd          , Dd          , Dd          
Gs^Fdw      , Gs^Fp       , Gs^Fp       , Gs^Fdw      , Gg          , Gg          , Gg          , Gg          , Gg          , Gg          , Ggf         , Gg          , Gg          , Gg          , Ggf         , Gg          , Gg          , Ww          , Gg          , Gg          , Gg          , Gs^Fdw      , Gs^Fdw      , Gs^Fdw      , Gs^Fdw      , Gs^Fdw      , Gs^Fdw      , Gs^Fdw      , Gs^Fdw      , Gs^Fdw      , Gs^Fdw      , Gs^Fdw      , Gs^Fdw      , Gs^Fdw      , Gs^Fdw      , Gs^Fdw      , Gg          , Gg          , Gg          , Ggf         , Ggf         , Gg          , Gg          , Gg          , Re          , Co          , Dd          , Dd          , Dd          , Dd          , Dd          , Dd          
Gs^Fdw      , Gs^Fdw      , Gs^Fdw      , Gs^Fdw      , Gs^Fdw      , Gg          , Gg          , Ggf         , Gg          , Gg          , Gg          , Gg          , Gg          , Gg          , Ggf         , Ggf         , Gg          , Ww          , Gg          , Gg          , Gg          , Gs^Fdw      , Gs^Fdw      , Gs^Fdw      , Gs^Fdw      , Gs^Fdw      , Gs^Fdw      , Gs^Fdw      , Gs^Fdw      , Gs^Fdw      , Gs^Fdw      , Gs^Fdw      , Gs^Fdw      , Gs^Fdw      , Gs^Fdw      , Gg          , Gg          , Gg          , Yl          , Gg          , Gg          , Gg          , Re          , Re          , Gg          , Dd          , Dd          , Dd          , Dd          , Dd          , Dd          , Dd          
Gs^Fdw      , Gs^Fmw      , Gs^Fdw      , Gs^Fmw      , Gs^Fdw      , Ggf         , Gg          , Ggf         , Gg          , Gg          , Gg          , Gg          , Gg          , Gg          , Ggf         , Gg          , Gg          , Ww          , Gg          , Gg          , Gg          , Gs^Fdw      , Gs^Fdw      , Gs^Fdw      , Gs^Fdw      , Gs^Fdw      , Gs^Fdw      , Gs^Fdw      , Gs^Fdw      , Gs^Fdw      , Gs^Fdw      , Gs^Fdw      , Gs^Fdw      , Gs^Fdw      , Gg          , Gg          , Gg          , Gg          , Gg          , Yl          , Gg          , Re          , Gg          , Ggf         , Dd          , Dd          , Dd          , Dd          , Dd          , Dd          , Dd          , Dd          
Gs^Fmw      , Gs^Fdw      , Gs^Fdw      , Gs^Fdw      , Ggf         , Gg          , Gg          , Ggf         , Ggf         , Gg          , Gg          , Gg^Ve       , Gg          , Ggf         , Gg          , Gg          , Gg          , Ww          , Gg          , Gg          , Gg          , Gs^Fdw      , Gs^Fdw      , Gs^Fdw      , Gs^Fdw      , Yl          , Gs^Fdw      , Gs^Fdw      , Gs^Fmw      , Gs^Fmw      , Gs^Fdw      , Gs^Fdw      , Gs^Fdw      , Gs^Fdw      , Gg          , Ggf         , Gg          , Gg          , Gg          , Gg          , Re          , Re          , Gg          , Dd          , Dd          , Dd          , Dd          , Dd          , Dd          , Dd          , Dd^Dc       , Dd          
Gs^Fdw      , Gs^Fdw      , Gg          , Gg          , Cud         , Gg          , Gg          , Gg          , Gg          , Gg          , Gg          , Gg          , Re          , Gg          , Re          , Re          , Re          , Ww          , Gg          , Gg          , Gg          , Gg          , Gs^Fdw      , Gs^Fdw      , Gs^Fdw      , Gs^Fdw      , Gs^Fdw      , Gs^Fdw      , Gs^Fdw      , Gs^Fdw      , Ggf         , Ggf         , Gg          , Gg          , Ggf         , Ggf         , Gg          , Gg          , Re          , Re          , Gg          , Gg          , Dd          , Dd          , Dd          , Dd          , Dd          , Dd          , Dd          , Dd          , Dd          , Dd          
Gs^Fdw      , Gs^Fdw      , Gg          , Gg          , Cud         , Wo          , Wo          , Re          , Re          , Gg          , Re          , Re          , Re          , Re          , Re          , Re          , Gg          , Ww          , Gg          , Gg          , Gg          , Gg          , Gs^Fdw      , Gs^Fdw      , Gs^Fdw      , Gs^Fdw      , Gg          , Gg          , Gg          , Gg          , Ggf         , Gg          , Ggf         , Ggf         , Gg          , Gg          , Re          , Re          , Gg          , Gg          , Gg          , Ggf         , Dd          , Dd          , Dd          , Dd          , Dd          , Dd          , Dd          , Dd          , Dd          , Dd          
Gs^Fdw      , Gg          , Gg          , Cud         , Wo          , Cud         , Wo          , Wo          , Wo          , Re          , Re          , Re          , Re          , Re          , Gg          , Gg          , Gg          , Ww          , Gg          , Gg          , Gg          , Gg          , Gs^Fdw      , Gs^Fdw      , Gs^Fdw      , Gs^Fdw      , Gg          , Ggf         , Gg          , Gg          , Gg          , Gg          , Gg          , Gg          , Re          , Re          , Gg          , Re          , Re          , Ggf         , Gg          , Dd          , Dd          , Dd          , Yl          , Yl          , Dd          , Dd          , Dd          , Dd          , Dd          , Dd          
Gg          , Gg          , Ggf         , Cud         , Wo          , Wo          , Wo          , Wo          , Wo          , Re          , Re          , Re          , Re          , Gg          , Ggf         , Gg          , Gg          , Ww          , Gg          , Gg          , Gg          , Gg          , Gs^Fdw      , Gs^Fdw      , Gg          , Gg          , Gg          , Gg          , Ggf         , Ggf         , Gg          , Gg          , Re          , Re          , Gg          , Gg          , Gg          , Gg          , Gg^Ve       , Re          , Re          , Dd          , Dd          , Dd          , Dd          , Dd          , Dd          , Dd          , Dd          , Dd^Dc       , Dd          , Dd          
Re          , Gg          , Ggf         , Gg          , Gg          , Wo          , Wo          , Wo          , Gg          , Re          , Re          , Re          , Gg          , Gg          , Gg          , Gg          , Gg          , Ww          , Gg          , Gg          , Gg          , Gg          , Gs^Fdw      , Gs^Fdw      , Gg          , Gg          , Ggf         , Gg          , Ggf         , Gg          , Re          , Re          , Gg          , Ggf         , Ggf         , Gg          , Gg          , Gg          , Gg          , Ds          , Ds          , Re          , Re          , Dd          , Re          , Dd          , Hd          , Dd          , Re          , Dd          , Dd          , Dd          
Re          , Re          , Re          , Gg          , Ggf         , Gg          , Gg          , Ww          , Ww          , Gg          , Re          , Re          , Gg          , Gg          , Gg          , Gg          , Ww          , Ww          , Gg          , Gg          , Gg          , Gs^Fdw      , Gs^Fdw      , Gg          , Ggf         , Ggf         , Gg          , Gg          , Re          , Re          , Gg          , Gg          , Gg          , Gg          , Ggf         , Ggf         , Ds          , Ds          , Ds          , Ds          , Dd          , Dd          , Dd          , Re          , Dd          , Re          , Re          , Re          , Hd          , Re          , Re          , Dd          
Gg          , Re          , Re          , Re          , Re          , Ggf         , Gg          , Gg          , Ww          , Gg          , Gg          , Gg          , Ggf         , Ggf         , Gg          , Gg          , Ww^Bw\      , Gg          , Gg          , Gg          , Gg          , Gg          , Gs^Fdw      , Gg          , Gg          , Ggf         , Gg          , Gg          , Re          , Gg          , Gg          , Yl          , Gg          , Gg          , Ds          , Ds          , Ds          , Ds          , Dd          , Dd          , Dd          , Dd          , Dd          , Dd^Dc       , Dd          , Dd          , Hd          , Hd          , Hd          , Dd          , Dd          , Re          
Gg          , Re          , Re          , Re          , Re          , Re          , Re          , Gg          , Gg          , Ww^Bw/      , Gg          , Gg          , Ggf         , Ggf         , Gg          , Ww          , Gg          , Gg          , Gg          , Gg          , Gg          , Gg          , Gs^Fdw      , Gg          , Gg          , Ggf         , Gg          , Gg          , Re          , Gg          , Gg          , Gg          , Ds          , Ds          , Ds          , Ds          , Dd          , Dd          , Dd          , Dd          , Dd          , Dd          , Dd          , Dd          , Dd          , Hd          , Dd          , Hd          , Ds          , Ds          , Ds          , Dd          
Gg          , Re          , Re          , Re          , Ql          , Re          , Re          , Gg          , Ggf         , Ww          , Ww          , Ww          , Ww          , Ww          , Ww          , Ww          , Ww          , Ww          , Re          , Gg          , Re          , Gs^Fdw      , Gg          , Gs^Fmw      , Gg          , Ggf         , Ggf         , Gg          , Re          , Gg          , Ggf         , Gg          , Ds          , Ds          , Ds          , Ds          , Dd          , Dd          , Dd          , Dd          , Dd          , Dd          , Ds          , Ds          , Dd          , Dd          , Dd          , Dd          , Dd          , Dd          , Dd          , Dd          
Gg          , Re          , Ql          , Ql          , Re          , Re          , Re          , Gg          , Ww          , Ww          , Gg          , Gg          , Re          , Re          , Re          , Re          , Ww          , Ww          , Re          , Re          , Re          , Re          , Ggf         , Gg          , Gg          , Gg          , Gg          , Gg          , Re          , Gg          , Gg          , Gg          , Ds          , Ds          , Dd          , Dd          , Ds          , Dd          , Ds          , Dd          , Ql          , Ql          , Dd          , Ds          , Dd          , Dd          , Dd          , Dd          , Ql          , Ql          , Dd          , Dd          
Gg          , Re          , Re          , Re          , Re          , Re          , Gg          , Gg          , Ww          , Gg          , Ggf         , Re          , Re          , Re          , Re          , Re          , Re          , Re          , Re          , Re          , Re          , Re          , Gg          , Gg          , Gg          , Gg          , Gg          , Gg          , Co          , Gg          , Gg          , Ds          , Dd          , Dd          , Dd          , Ds          , Dd          , Dd          , Dd          , Dd          , Dd          , Dd          , Dd          , Ds          , Dd          , Dd          , Dd          , Dd          , Dd          , Dd          , Dd          , Dd          
Gg          , Gg          , Gg          , Re          , Gg          , Gg          , Gg          , Gg          , Ww          , Gg          , Gg          , Re          , Re          , Re          , Gg          , Re          , Gg          , Re          , Gg          , Gg          , Gg          , Gg          , Gg          , Ggf         , Gg          , Gg          , Gg          , Co          , 3 Ko        , Co          , Gg          , Ds          , Dd          , Dd          , Ql          , Dd          , Ql          , Ql          , Dd          , Dd          , Ql          , Dd          , Dd          , Dd          , Dd          , Re^Vct      , Dd          , Ds          , Dd          , Dd          , Dd          , Dd          
Gg          , Gg          , Gg          , Ggf         , Ggf         , Ggf         , Gg          , Gg          , Ww          , Ggf         , Gg          , Gg          , Ggf         , Gg          , Gg          , Gg          , Gg          , Gg^Ve       , Gg          , Gg          , Gg          , Gg          , Gg          , Ggf         , Gg          , Gg          , Re          , Co          , Co          , Co          , Ds          , Ds          , Dd          , Ql          , Qlf         , Ql          , Dd          , Dd          , Dd          , Dd          , Ql          , Ql          , Dd          , Dd          , Dd          , Dd          , Dd          , Ds          , Dd          , Ql          , Dd          , Dd          
Gg          , Ggf         , Gg          , Gg          , Ww          , Gg          , Re          , Re          , Ww          , Re          , Re          , Gg          , Gg          , Ggf         , Gg          , Gg          , Gg          , Gg          , Gg          , Ggf         , Gg          , Yl          , Gg          , Gg          , Re          , Re          , Gg          , Gg          , Gg          , Gg          , Ds          , Dd          , Dd          , Ql          , Qlf         , Ql          , Dd          , Ds          , Dd          , Dd          , Dd          , Dd          , Dd          , Ds          , Dd          , Dd          , Dd          , Dd          , Dd          , Dd          , Dd          , Dd          
Ww          , Ww          , Ww          , Ww          , Re          , Ww          , Ww          , Ww          , Ww          , Re          , Re          , Re          , Gg          , Gg          , Gg          , Gg          , Gg          , Gg          , Gg          , Gg          , Gg          , Gg          , Re          , Re          , Gg          , Gg          , Gg          , Gg          , Ds          , Ds          , Dd          , Dd          , Dd          , Ql          , Ql          , Ql          , Dd          , Dd          , Dd          , Dd          , Dd          , Dd          , Ql          , Ql          , Ql          , Ql          , Ql          , Yl          , Yl          , Dd          , Dd          , Dd          
