border_size=1
usage=map

Ss          , Ss          , Ss          , Ss          , Ss          , Ss          , Ss          , Ww          , Ss          , Ss          , Ss          , Ss          , Ss          , Ss          , Ss          , Ss          , Ss          , Ss          , Ss          , Ss          , Ss          , Ss          , Ss          , Ss          , Ss          , Rd          , Ss          , Ss          , Ss          , Ss          , Ss          , Ss          , Ss          , Ss          , Ss          , Ss          , Hh          , Ss          , Hh          , Ss          , Ss          , Ss          , Ss          , Ss          , Ss          , Ss          , Hh          , Gg          , Gg          , Mm          , Gg          , Gg          
Ss          , Ss          , Ss          , Ss          , Ss          , Ss          , Ss          , Ww          , Ss          , Ss          , Ss          , Ss          , Ss          , Ss          , Ss          , Ss          , Ss          , Ss          , Ss          , Ss          , Xos         , Ss          , Ss          , Ss          , Ss          , Rd          , Ss          , Ss          , Ss          , Ss          , Xos         , Ss          , Ss          , Ss          , Ss          , Ss          , Hh          , Ss          , Hh          , Ss          , Ss          , Ss          , Ss          , Ss          , Ss          , Ss          , Hh          , Gg          , Gg          , Mm          , Gg          , Gg          
Ss          , Ss          , Ss          , Ss          , Ss          , Ss          , Ww          , Ww          , Hh          , Ss          , Ss          , Hh          , Hh          , Ss          , Hh          , Hh          , Ggf         , Gg          , Xos         , Xos         , Gg          , Ss          , Ggf         , Ss          , Re          , Rd          , Re          , Ss          , Gg          , Ss          , Gg          , Xos         , Xos         , Ss          , Hh          , Hh          , Ss          , Ss          , Hh          , Hh          , Ss          , Ss          , Hh          , Hh          , Mm          , Hh          , Mm          , Hh          , Hh          , Gg          , Gg          , Gg          
Ss          , Ss          , Ss          , Ss          , Ww          , Ww          , Ss          , Hh          , Mm          , Hh          , Hh          , Hh          , Hh          , Hh          , Gg          , Gg          , Gg          , Xos         , Ggf         , Ggf         , Re          , Gg          , Re          , Re          , Re          , Rd          , Re          , Re          , Re          , Gg          , Re          , Ss          , Ggf         , Xos         , Gg          , Hh          , Hh          , Gg          , Ss          , Ss          , Hh          , Hh          , Mm          , Mm          , Ggf         , Mm          , Gg          , Gg          , Gg          , Hh          , Hh          , Hh          
Ss          , Ss          , Ss          , Ss          , Ww          , Hh          , Mm          , Mm          , Mm          , Ggf         , Gg          , Gg          , Ggf         , Ggf         , Gg          , Gg          , Re          , Re          , Re          , Re          , Xos         , Re          , Xos         , Re          , Xos         , Ch          , Xos         , Re          , Xos         , Re          , Xos         , Re          , Re          , Re          , Hh          , Gg          , Gg          , Hh          , Ggf         , Hh          , Hh          , Gg          , Hh          , Gg          , Hh          , Gg          , Hh          , Ggf         , Hh          , Hh          , Hh          , Hh          
Ss          , Ss          , Ss          , Ww          , Hh          , Hh          , Mm          , Mm          , Hh          , Hh          , Gg          , Hh          , Gg          , Ggf         , Re          , Re          , Xos         , Xos         , Xos         , Xos         , Rr          , Xos         , Rr          , Xos         , Rr          , Rp          , Rr          , Xos         , Rr          , Xos         , Rr          , Xos         , Xos         , Xos         , Xos         , Re          , Re          , Ggf         , Ggf         , Hh          , Ggf         , Gg          , Gg          , Hh          , Hh          , Hh          , Hh          , Ggf         , Gg          , Gg          , Gg          , Gg          
Ss          , Ss          , Ss          , Ww          , Hh          , Hh          , Mm          , Mm^Vhh      , Ss          , Gg          , Ggf         , Gg          , Re          , Re          , Xos         , Xos         , Rp          , Ycw^Dr      , Rr          , Rr          , Rr          , Rr          , Rp^Vhc      , Rr          , Ch          , Rp          , Ch          , Rr          , Rp^Vhc      , Rr          , Rr          , Rr          , Rr          , Ycw^Dr      , Rp          , Xos         , Re^Dr       , Re          , Re          , Ggf         , Gg          , Hh          , Hh          , Hh          , Gg          , Hh          , Hh          , Hh          , Gg          , Hh          , Hh          , Hh          
Ss          , Ss          , Ss          , Ww          , Ss          , Hh          , Mm          , Ss          , Ss          , Ss          , Ggf         , Re          , Xos         , Xos         , Rr          , Rr          , Rp^Vhc      , Rr          , Xos         , Rp^Vhc      , Xos         , Xos         , Wo          , Xos         , Rr          , Rp          , Rr^Dr       , Xos         , Wo          , Xos         , Xos         , Rp^Vhc      , Xos         , Rr          , Rp^Vhc      , Rr          , Rr          , Xos         , Xos         , Mm          , Gg          , Gg          , Mm          , Mm          , Mm          , Hh          , Hh          , Mm          , Hh          , Hh          , Hh          , Hh          
Ss          , Ss          , Ss          , Ww          , Ss          , Hh          , Mm          , Ss          , Hh          , Hh          , Gg          , Re          , Xos         , Rr          , Rp^Vhc      , Rr          , Xos         , Xos         , Qlf         , Xos         , Wo          , Wo          , Ch          , Wo          , Rr          , Rp          , Rr          , Wo          , Ch          , Wo          , Wo          , Xos         , Qlf         , Xos         , Xos         , Rr          , Rp^Vhc      , Rr          , Xos         , Re          , Hh          , Hh          , Mm          , Mm          , Mm          , Gg          , Hh          , Ggf         , Gg          , Hh          , Gg          , Gg          
Ss          , Ss          , Ss          , Ww          , Hh          , Hh          , Gg          , Hh          , Hh          , Gg          , Gg          , Re          , Xos         , Rr          , Xos         , Xos         , Qlf         , Qlf         , Qlf         , Xos         , Wo          , Ch          , 6 Kh        , Ch          , Rr          , Rp          , Rr          , Ch          , 7 Kh        , Ch          , Wo          , Xos         , Qlf         , Qlf         , Qlf         , Xos         , Xos         , Rr          , Xos         , Hh          , Hh          , Gg          , Ggf         , Hh          , Gg          , Hh          , Ggf         , Ggf         , Hh          , Hh          , Hh          , Hh          
Ss          , Ss          , Gg          , Ww          , Hh          , Hh          , Hh          , Hh          , Gg          , Gg          , Hh          , Re          , Xos         , Rp^Dr       , Xos         , Xos         , Xos         , Xos         , Xos         , Xos         , Wo          , Ch          , Ch          , Ch          , Rr          , Rp          , Rr          , Ch          , Ch          , Ch          , Wo          , Xos         , Xos         , Xos         , Xos         , Xos         , Xos         , Rp          , Xos         , Hh          , Hh          , Ggf         , Ggf         , Ggf         , Hh          , Hh          , Gg          , Hh          , Gg          , Gg          , Gg          , Gg          
Gg          , Gg          , Gg          , Ww          , Ww          , Hh          , Hh          , Gg          , Gg          , Hh          , Gg          , Re          , Xos         , Rp          , Rr          , Rr          , Rp          , Rr^Dr       , Rr          , Rr          , Rr          , Rr          , Rr          , Rr          , Rr          , Rp          , Rr          , Rr          , Rr          , Rr          , Rr          , Rr          , Rr          , Rr          , Rp^Dr       , Rr          , Rr          , Rp          , Xos         , Hh          , Hh          , Gg          , Hh          , Hh          , Hh          , Hh          , Gg          , Gg          , Ggf         , Gg          , Gg          , Ggf         
Ss          , Gg          , Ggf         , Gg          , Ss          , Ww          , Ww          , Ggf         , Ggf         , Hh          , Ggf         , Re          , Xos         , Rp          , Rp^Vhc      , Rr          , Wo          , Rr          , Rp^Vhc      , Rr          , Wo          , Rr          , Rp^Vhc      , Rr          , Rr          , Rp          , Rr          , Rr          , Rp^Vhc      , Rr          , Wo          , Rr^Dr       , Rp^Vhc      , Rr          , Wo          , Rr          , Rp^Vhc      , Rp          , Xos         , Hh          , Hh          , Hh          , Mm          , Hh          , Hh          , Hh          , Hh          , Gg          , Gg          , Ggf         , Gg          , Ggf         
Ss          , Gg          , Gg          , Ggf         , Gg          , Ss          , Ww          , Gg          , Ggf         , Gg          , Gg          , Re          , Xos         , Rr          , Wo          , Wo          , Xos         , Wo          , Wo          , Wo          , Xos         , Wo          , Wo          , Wo          , Rr^Dr       , Rp          , Rr          , Wo          , Wo          , Wo          , Xos         , Wo          , Wo          , Wo          , Xos         , Wo          , Wo          , Rr          , Xos         , Hh          , Hh          , Mm          , Mm          , Mm          , Hh          , Hh          , Hh          , Hh          , Gg          , Gg          , Ggf         , Ggf         
Ss          , Ss          , Gg          , Gg          , Ss          , Ss          , Ww          , Ww          , Ww          , Ss          , Ww          , Re          , Xos         , Rr          , Wo          , Xos         , Ww          , Xos         , Ww          , Xos         , Ww          , Xos         , Xos         , Wo          , Rr          , Rp          , Rr^Dr       , Wo          , Xos         , Xos         , Ww          , Xos         , Ww          , Xos         , Ww          , Xos         , Wo          , Rr          , Xos         , Hh          , Hh          , Mm          , Mm          , Mm          , Hh          , Hh          , Hh          , Hh          , Hh          , Ggf         , Gg          , Gg          
Ss          , Ss          , Xos         , Gg          , Ss          , Ww          , Xos         , Xos         , Xos         , Ww          , Xos         , Xos         , Rr^Dr       , Rr          , Wo          , Xos         , Xos         , Ww          , Xos         , Ww          , Xos         , Ww          , Xos         , Wo          , Rr          , Rp          , Rr          , Wo          , Xos         , Ww          , Xos         , Ww          , Xos         , Ww          , Xos         , Xos         , Wo          , Rr          , Rr^Dr       , Xos         , Xos         , Mm          , Xos         , Xos         , Xos         , Hh          , Hh          , Xos         , Hh          , Ggf         , Ggf         , Gg          
Ss          , Ss          , Xos         , Gg          , Re          , Xos         , Rr^Dr       , Rr^Dr       , Rr          , Xos         , Rr          , Rr          , Rr          , Rp          , Wo          , Wo          , Wo          , Xos         , Wo          , Wo          , Wo          , Xos         , Wo          , Wo          , Rr          , Rp          , Rr          , Wo          , Wo          , Xos         , Wo          , Wo          , Wo          , Xos         , Wo          , Wo          , Wo          , Rp          , Rr          , Rr          , Rr          , Xos         , Rr^Dr       , Rr          , Rr          , Xos         , Hh          , Xos         , Hh          , Gg          , Ggf         , Gg          
Ss          , Ss          , Xos         , Ggf         , Re          , Xos         , Ch          , 3 Kh        , Ch          , Ch          , Rr          , Xos         , Rr          , Rp          , Rr          , Rp^Vhc      , Rr          , Wo          , Rr          , Rp^Vhc      , Rr          , Wo          , Rr          , Rp^Vhc      , Rr          , Rr          , Rr          , Rp^Vhc      , Rr          , Wo          , Rr          , Rp^Vhc      , Rr          , Wo          , Rr          , Rp^Vhc      , Rr          , Rp          , Rr          , Xos         , Rr          , Ch          , Ch          , 4 Kh        , Ch          , Xos         , Re          , Xos         , Gg          , Ggf         , Ww          , Ww          
Gg          , Ggf         , Xos         , Gg          , Re          , Xos         , Xos         , Ch          , Ch          , Rr          , Rr^Dr       , Xos         , Rr          , Rp          , Rr          , Xos         , Rr          , Rp          , Rr^Dr       , Xos         , Rr          , Rp          , Rr          , Rr          , Ch          , Ch          , Ch          , Rr          , Rr          , Rp          , Rr          , Xos         , Rr          , Rp          , Rr          , Xos         , Rr          , Rp^Dr       , Rr          , Xos         , Rr          , Rr          , Ch          , Ch          , Xos         , Xos         , Re          , Xos         , Ww          , Ww          , Re          , Re          
Ss          , Gg          , Ss          , Gg          , Ss          , Re          , Re          , Xos         , Xos         , Rr          , Rr          , Xos         , Rr          , Rp          , Rr          , Xos         , Rr          , Rp          , Rr          , Xos         , Rr          , Rp          , Rr          , Rr          , Ch          , 5 Kh        , Ch          , Rr          , Rr          , Rp          , Rr          , Xos         , Rr^Dr       , Rp          , Rr          , Xos         , Rr          , Rp          , Rr^Dr       , Xos         , Rr          , Rr          , Xos         , Xos         , Re          , Re          , Gs          , Ww          , Re          , Re          , Re          , Re          
Ss          , Ss          , Ss          , Ss          , Ss          , Re          , Re          , Re          , Hh          , Xos         , Xos         , Rr          , Rr          , Rp          , Xos         , Rp^Vhc      , Wo          , Wo          , Wo          , Rp^Vhc      , Xos         , Xos         , Wo          , Rp^Vhc      , Rr          , Ch          , Rr          , Rp^Vhc      , Wo          , Xos         , Xos         , Rp^Vhc      , Wo          , Wo          , Wo          , Rp^Vhc      , Xos         , Rp          , Rr          , Rr          , Xos         , Xos         , Re          , Re          , Gs          , Gs          , Ww^Bw\      , Ww          , Re          , Re          , Re          , Re          
Ss          , Gs          , Gs          , Gg          , Gs          , Gs          , Hh          , Hh          , Hh          , Re          , Re          , Xos         , Xos         , Rr          , Xos         , Wo          , Wo          , Wo          , Xos         , Wo          , Wo          , Wo          , Wo          , Wo          , Rr          , Rr          , Rr          , Wo          , Wo          , Wo          , Wo          , Wo          , Xos         , Wo          , Wo          , Wo          , Xos         , Rr          , Xos         , Xos         , Re          , Re          , Gs          , Gg          , Ww          , Ww          , Re          , Re          , Re          , Re          , Re          , Re          
Gs          , Gs          , Gg          , Gg          , Gs          , Hh          , Hh          , Hh          , Hh          , Hh          , Re          , Re          , Xos         , Rr          , Wo          , Wo          , Xos         , Xos         , Ql          , Xos         , Xos         , Wo          , Wo          , Xos         , Rr^Dr       , Rp          , Rr          , Xos         , Wo          , Wo          , Xos         , Xos         , Ql          , Xos         , Xos         , Wo          , Wo          , Rr^Dr       , Xos         , Re          , Re          , Hh          , Hh          , Gs          , Ww          , Re          , Re          , Re^Vct      , Re          , Re          , Re          , Re          
Ss          , Gs          , Gg          , Gg          , Gs          , Hh          , Hh          , Hh          , Hh          , Hh          , Gs          , Re          , Xos         , Rr          , Wo          , Xos         , Xos         , Ql          , Ql          , Ql          , Xos         , Xos         , Wo          , Xos         , Rr          , Rp          , Rr          , Xos         , Wo          , Xos         , Xos         , Ql          , Ql          , Ql          , Xos         , Xos         , Wo          , Rr          , Xos         , Re          , Hh          , Hh          , Gg          , Gs          , Ww          , Re          , Re          , Re          , Re          , Re          , Re          , Re          
Ss          , Gs          , Gs          , Gs          , Hh          , Hh          , Hh          , Hh          , Hh          , Hh          , Hh          , Re          , Xos         , Rr^Dr       , Wo          , Wo          , Wo          , Xos         , Xos         , Xos         , Wo          , Wo          , Wo          , Wo          , Rr          , Rp          , Rr          , Wo          , Wo          , Wo          , Wo          , Xos         , Xos         , Xos         , Wo          , Wo          , Wo          , Rr          , Xos         , Re          , Gs          , Gg          , Ww          , Ww          , Re          , Re          , Re          , Re          , Re          , Re          , Re          , Re          
Ss          , Gs          , Gs          , Hh          , Gg          , Gs          , Gg          , Hh          , Gs          , Hh          , Gs          , Re          , Xos         , Rr          , Wo          , Wo          , Wo          , Wo          , Wo          , Wo          , Rp^Vhc      , Wo          , Rr          , Rp^Vhc      , Rr          , Rp          , Rr          , Rp^Vhc      , Rr          , Wo          , Rp^Vhc      , Wo          , Wo          , Wo          , Wo          , Wo          , Wo          , Rr          , Xos         , Re          , Gs          , Ww          , Gs^Ft       , Re          , Gs^Ft       , Gs^Ft       , Re          , Re          , Re          , Re          , Re          , Re          
Gg          , Gg          , Gs          , Gs          , Hh          , Gg          , Gg          , Hh          , Hh          , Hh          , Gs          , Re          , Xos         , Rr          , Rr          , Wo          , Rp^Vhc      , Wo          , Rr          , Rr          , Rp^Dr       , Rr          , Xos         , Rr          , Ch          , Rp          , Rr^Dr       , Rr          , Xos         , Rr          , Rp^Dr       , Rr          , Rr          , Wo          , Rp^Vhc      , Wo          , Rr          , Rr^Dr       , Xos         , Re          , Gg          , Ww          , Re          , Gs^Ft       , Gs^Ft       , Gs^Ft       , Gs^Ft       , Gs^Ft       , Re          , Re          , Re          , Re          
Ww          , Gg          , Gg          , Hh          , Hh          , Hh          , Gs          , Gs          , Gs          , Gs          , Gs          , Re          , Re          , Xos         , Xos         , Rr          , Rp          , Rr          , Xos         , Xos         , Xos         , Xos         , Xos         , Xos         , Rr^Dr       , Rp          , Rr          , Xos         , Xos         , Xos         , Xos         , Xos         , Xos         , Rr          , Rp          , Rr          , Xos         , Xos         , Re          , Re          , Gg          , Ww          , Re          , Re          , Re          , Gs^Ft       , Gs^Ft       , Re          , Re          , Re          , Re          , Re          
Gs          , Ww          , Ww          , Gg          , Hh          , Hh          , Gs          , Gs          , Gg          , Gs^Ft       , Gs          , Gs          , Gs          , Re          , Re          , Xos         , Rp          , Xos         , Re          , Re          , Re          , Re          , Re          , Xos         , Rr          , Rr          , Rr          , Xos         , Re          , Re          , Re          , Re          , Re          , Xos         , Rp          , Xos         , Re          , Re          , Gs          , Gs          , Ww          , Ww          , Ww          , Gs^Ft       , Gs^Ft       , Re          , Re          , Gs^Ft       , Re          , Re          , Re          , Re          
Gg          , Gs          , Gs^Ft       , Ww          , Ww          , Gs          , Gs          , Gs^Vht      , Gg          , Gs          , Hh          , Gs          , Hh          , Gs          , Re          , Xos         , Ch          , Xos         , Re          , Gg          , Gs          , Gs          , Re          , Xos         , Xos         , Ch          , Xos         , Xos         , Re          , Gs          , Gg          , Gs          , Re          , Xos         , Ch          , Xos         , Re          , Gg          , Ww          , Ww          , Re          , Gs^Ft       , Ww          , Gs^Ft       , Re          , Re          , Re          , Re          , Re^Vct      , Re          , Re          , Re          
Gg          , Gg          , Gs^Ft       , Gs^Ft       , Gs          , Ww          , Ww          , Gg          , Gs          , Hh          , Hh          , Hh          , Gg          , Gs          , Gs          , Re          , Re          , Rd          , Rd          , Gg          , Gs^Ft       , Gs          , Xos         , Re          , Re          , Rd          , Re          , Re          , Xos         , Gs          , Gs          , Gg          , Rd          , Rd          , Re          , Re          , Gs          , Gs          , Ww          , Re          , Gs^Ft       , Gs^Ft       , Re^Vct      , Ww          , Gs^Ft       , Re          , Gs^Ft       , Re          , Gs^Ft       , Re          , Re          , Re          
Gs^Ft       , Gs^Ft       , Gs^Ft       , Gs          , Gs          , Gg          , Gg          , Ww          , Ww          , Gs          , Gs          , Gg          , Gg          , Gg          , Gs          , Gs          , Gs^Ft       , Gs          , Xos         , Rd          , Rd          , Gs^Ft       , Gg          , Xos         , Gg          , Rd          , Gs          , Xos         , Gs          , Gs          , Rd          , Rd          , Xos         , Gs          , Gs          , Gg          , Gg          , Ww          , Re          , Gs^Ft       , Re          , Re          , Re          , Ww          , Re          , Re          , Re          , Gs^Ft       , Re          , Re          , Re          , Re          
Gs          , Gs          , Gg          , Gs          , Gs^Vht      , Gg          , Gg          , Gs          , Gg          , Ww          , Ww          , Gs          , Gs^Ft       , Gs          , Gs^Ft       , Gs^Ft       , Gs^Ft       , Gs^Ft       , Gs^Ft       , Xos         , Xos         , Rd          , Rd          , Gg          , Gg          , Rd          , Gs          , Gg          , Rd          , Rd          , Xos         , Xos         , Gs          , Gs          , Gg          , Gs          , Gs^Ft       , Ww          , Re          , Re          , Gs^Ft       , Gs^Ft       , Gs^Ft       , Ww          , Ww          , Re          , Gs^Ft       , Re          , Re          , Re          , Re          , Re          
Gs          , Gg          , Gs          , Gs          , Gs          , Gs          , Gs^Ft       , Gs          , Gg          , Gg          , Ww          , Gs^Ft       , Gs          , Gs          , Gs          , Gs          , Gs          , Gs          , Gs          , Gs          , Gs          , Xos         , Xos         , Rd          , Rd          , Rd          , Rd          , Rd          , Xos         , Xos         , Gs          , Gs          , Gs^Ft       , Gg          , Gs          , Gs          , Ww          , Ww          , Re^Vct      , Re          , Re          , Re          , Gs^Ft       , Re          , Re          , Ww          , Re          , Re^Vct      , Re          , Re          , Gs^Ft       , Gs^Ft       
Hh          , Hh          , Hh          , Hh          , Gg          , Gg          , Gs          , Gs          , Gs          , Gg          , Gs          , Ww          , Ww          , Gs^Ft       , Gs^Ft       , Gs          , Gs^Ft       , Gs          , Gs^Ft       , Gs^Ft       , Gs^Ft       , Gs          , Gs          , Gs          , Rd          , Rd          , Rd          , Gs          , Gg          , Gg          , Gs          , Gs^Ft       , Gs^Ft       , Gs^Ft       , Ww          , Ww          , Gs^Ft       , Gs^Ft       , Re          , Re          , Re          , Re          , Re          , Re          , Ww          , Ww          , Ww          , Re          , Re          , Re          , Re          , Re          
Hh          , Hh          , Gs          , Gs          , Gs          , Gs          , Gs^Ft       , Gg          , Gs^Ft       , Gs          , Gs^Ft       , Gs^Ft       , Ww          , Gs^Ft       , Gs^Ft       , Gs^Ft       , Gs^Ft       , Gs^Ft       , Gs^Ft       , Gs          , Gg          , Gs          , Gg          , Gs          , Rd          , Gs          , Gs          , Rd          , Rd          , Gs          , Gs^Ft       , Gs^Ft       , Gs^Ft       , Gs          , Ww          , Re          , Re          , Gs^Ft       , Re          , Re          , Re          , Gs^Ft       , Re          , Re          , Ww          , Re          , Re          , Ww          , Ww          , Re          , Re          , Re          
Hh          , Gs          , Gg          , Gg          , Gs^Ft       , Gs^Ft       , Gs^Ft       , Gs^Ft       , Gs^Ft       , Gs^Ft       , Gs^Ft       , Gs^Ft       , Ww          , Gs^Ft       , Gs^Ft       , Gs^Ft       , Gs^Ft       , Gs^Ft       , Gs^Ft       , Gs^Ft       , Gs          , Gg          , Gs          , Gg          , Rd          , Gg          , Gg          , Gs          , Gs          , Rd          , Rd          , Gs^Ft       , Gg          , Gs          , Ww          , Re          , Re          , Gs^Ft       , Re          , Gs^Ft       , Re^Vct      , Re          , Re          , Re          , Ww          , Re          , Re^Vct      , Re          , Re          , Ww          , Re          , Gs^Ft       
Gs          , Gs          , Gg          , Gs          , Gs^Ft       , Gs^Ft       , Gs^Ft       , Gs^Ft       , Gs^Ft       , Gs^Ft       , Gs^Ft       , Gs^Ft       , Ww          , Gs^Ft       , Gs^Ft       , Gs^Ft       , Gg          , Gs^Ft       , Gs          , Gs^Vht      , Gs          , Gg          , Gs          , Gs          , Rd          , Gs          , Gg          , Gg          , Gs          , Gs          , Gg          , Rd          , Rd          , Gs          , Ww          , Re          , Re          , Re          , Re          , Re          , Gs^Ft       , Re          , Re          , Ww          , Re          , Re          , Re          , Re          , Gs^Ft       , Ww          , Ww          , Gs^Ft       
Gs          , Gs          , Gs^Ft       , Gs          , Gs^Ft       , Gs^Ft       , Gs^Ft       , Gs^Ft       , Gs^Ft       , Gs^Ft       , Gs^Ft       , Gs^Ft       , Ww          , Gs^Ft       , Gs^Ft       , Gs^Ft       , Gs^Ft       , Gg          , Gs          , Gs          , Hh          , Hh          , Gg          , Gs          , Rd          , Gs          , Gg          , Gg          , Gs          , Gs          , Gs^Ft       , Gg          , Gs          , Rd          , Ww^Bw\      , Re          , Re          , Re          , Re          , Re          , Re          , Re          , Re          , Ww          , Re          , Re          , Re          , Gs^Ft       , Gs^Ft       , Gs^Ft       , Gs^Ft       , Ww          
Gs          , Gg          , Gs          , Gs^Ft       , Gs^Ft       , Gs^Vht      , Gs^Ft       , Gs^Ft       , Gs^Ft       , Gs^Ft       , Gs^Ft       , Gs^Ft       , Gs^Ft       , Ww          , Gs^Ft       , Gs^Ft       , Gs          , Gs          , Hh          , Hh          , Hh          , Gs          , Gs          , Gg          , Rd          , Gs          , Gs          , Gs          , Gs^Ft       , Gs          , Gs^Ft       , Gs^Ft       , Gs          , Gs          , Ww          , Rd          , Rd          , Re          , Re          , Re          , Re          , Re          , Ww          , Ww          , Gs^Ft       , Re          , Re          , Re          , Re          , Gs^Ft       , Gs^Ft       , Gs^Ft       
Gs          , Gg          , Gg          , Gs          , Gs          , Gs          , Gs^Ft       , Gs^Ft       , Gs^Ft       , Gs^Ft       , Gs^Ft       , Gs^Ft       , Gs^Ft       , Ww          , Gs^Vht      , Gs^Ft       , Gs          , Gg          , Gg          , Hh          , Hh          , Hh          , Gs          , Gs          , Ce          , Gs          , Gs          , Gs^Ft       , Gs^Ft       , Gs          , Gs^Ft       , Gs^Ft       , Gs^Ft       , Gg          , Ww          , Re          , Re          , Rd          , Rd          , Re          , Re          , Ww          , Gs^Ft       , Gs^Ft       , Gs^Ft       , Gs^Ft       , Re          , Re          , Re          , Re          , Re          , Gs^Ft       
Gs^Ft       , Gs^Ft       , Gs          , Gs          , Gs^Ft       , Gs^Ft       , Gs^Ft       , Gs^Ft       , Gs^Ft       , Gs^Ft       , Gs^Ft       , Gs^Ft       , Gs^Ft       , Ww          , Gs^Ft       , Gs^Ft       , Gs^Ft       , Gg          , Gs          , Hh          , Hh          , Gs          , Gg          , Ce          , 2 Ke        , Ce          , Gs          , Gs          , Gs^Ft       , Gs          , Gg          , Gs          , Gs^Vht      , Gg          , Ww          , Re          , Re          , Re          , Re          , Rd          , Ww^Bw\      , Ww          , Ce          , Re          , Re          , Re          , Re          , Re          , Gs^Ft       , Re          , Re          , Re          
Gs          , Gs          , Gg          , Gs          , Gs          , Gs^Ft       , Gs^Ft       , Gs^Ft       , Gs          , Gs          , Gs^Ft       , Gs^Ft       , Gs^Ft       , Ww          , Gs^Ft       , Gs^Ft       , Gs^Ft       , Gs          , Hh          , Hh          , Hh          , Gg          , Gs          , Ce          , Ce          , Ce          , Gg          , Gs          , Gs^Ft       , Gg          , Gs          , Gg          , Gs          , Gs          , Ww          , Re          , Re          , Re          , Re          , Ww          , Re          , Ce          , 1 Ke        , Ce          , Re          , Re          , Re          , Re          , Re          , Re          , Re          , Re          
Gs          , Gg          , Gs          , Gs          , Gs          , Gg          , Gg          , Gs^Ft       , Gs^Ft       , Gs^Vht      , Gs^Ft       , Gs^Ft       , Gs^Ft       , Ww          , Ww          , Gg          , Gg          , Gs^Vht      , Gs          , Hh          , Hh          , Hh          , Gs          , Gs          , Rd          , Gs          , Gg          , Gg          , Gs          , Gs^Ft       , Gs^Ft       , Gs^Ft       , Ww          , Ww          , Gs^Ft       , Re          , Re          , Gs^Ft       , Ww          , Ww          , Re          , Ce          , Ce          , Ce          , Re          , Re          , Re          , Re          , Gs^Ft       , Re          , Gs^Ft       , Re          
Gg          , Gg          , Gs          , Gs^Ft       , Gs^Ft       , Gg          , Gs          , Gs          , Gs^Ft       , Gs^Ft       , Gs^Ft       , Gs          , Gs          , Gs^Ft       , Gs          , Ww          , Ww          , Gg          , Gg          , Gs          , Gs          , Hh          , Hh          , Gs          , Rd          , Gs          , Gs^Vht      , Gg          , Gg          , Gs          , Ww          , Ww          , Re          , Re          , Re          , Re          , Re          , Gs^Ft       , Ww          , Gs^Ft       , Gs^Ft       , Re          , Rd          , Re          , Re          , Re          , Re          , Gs^Ft       , Gs^Ft       , Gs^Ft       , Gs^Ft       , Gs^Ft       
Gs          , Gs          , Gs          , Gg          , Gg          , Gs^Ft       , Gs          , Gs          , Gs^Ft       , Gs^Ft       , Gs^Ft       , Gg          , Gs^Ft       , Gs^Ft       , Gs^Ft       , Gs          , Gg          , Ww          , Ww          , Gg          , Gs          , Hh          , Gs          , Gs          , Rd          , Gs          , Gs          , Gs          , Gg          , Gs          , Ww          , Re          , Re          , Re          , Re          , Re          , Re          , Ww          , Re          , Gs^Ft       , Re          , Re          , Rd          , Re          , Re          , Re          , Re          , Re          , Re^Vct      , Gs^Ft       , Gs^Ft       , Gs^Ft       
Gs^Ft       , Gs^Ft       , Gs^Ft       , Gg          , Gs          , Gs          , Gs          , Gs          , Gg          , Gs^Ft       , Gs          , Gs          , Gg          , Gs          , Gs^Ft       , Gs          , Gg          , Gg          , Gs          , Ww          , Ww          , Gs          , Gg          , Gg          , Rd          , Gg          , Gg          , Gs          , Ww          , Ww          , Re          , Gs^Ft       , Gs^Ft       , Gs^Ft       , Gs^Ft       , Re          , Ww          , Ww          , Ww          , Re          , Re          , Re          , Rd          , Re          , Re          , Re          , Re          , Re          , Re          , Re          , Gs^Ft       , Gs^Ft       
Gs^Ft       , Gs^Ft       , Gs^Ft       , Gs^Ft       , Gs^Ft       , Gg          , Gg          , Hh          , Gs          , Gs          , Hh          , Gs          , Gs          , Gg          , Gs          , Gs          , Gs          , Gs          , Gs^Ft       , Gs^Ft       , Gs^Ft       , Ww          , Ww          , Gs          , Rd          , Gg          , Ww          , Ww          , Re          , Re          , Re          , Gs^Ft       , Gs^Ft       , Gs^Ft       , Gs^Ft       , Gs^Ft       , Ww          , Re          , Re          , Ww          , Ww          , Ww          , Ww^Bw|      , Re          , Re          , Re          , Re          , Re          , Ww          , Ww          , Ww          , Gs^Ft       
Gs^Ft       , Gs^Ft       , Gs^Ft       , Gs^Ft       , Gs          , Gg          , Gs          , Hh          , Hh          , Hh          , Gs          , Hh          , Hh          , Gs          , Hh          , Hh          , Gs          , Gs^Ft       , Gs          , Gs^Ft       , Gs^Ft       , Gg          , Gg          , Ww          , Ww^Bw|      , Ww          , Gs^Ft       , Re          , Re          , Re          , Gs^Ft       , Re          , Gs^Ft       , Gs^Ft       , Gs^Ft       , Gs^Ft       , Ww          , Gs^Ft       , Gs^Ft       , Re          , Gs^Ft       , Re          , Rd          , Ww          , Ww          , Ww          , Ww          , Ww          , Gs^Ft       , Re          , Re          , Ww          
Gs^Ft       , Gs^Ft       , Gs          , Gs          , Gs^Ft       , Gs^Ft       , Gs^Ft       , Gs          , Gg          , Hh          , Hh          , Hh          , Hh          , Hh          , Gg          , Gg          , Gs^Ft       , Gs^Ft       , Gs          , Gs^Ft       , Gs          , Gs          , Ww          , Ww          , Rd          , Re          , Re          , Re          , Re          , Gs^Ft       , Gs^Ft       , Gs^Ft       , Re          , Re          , Gs^Ft       , Ww          , Re          , Gs^Ft       , Gs^Ft       , Re          , Re          , Re          , Rd          , Gs^Ft       , Re          , Re          , Re          , Re          , Re          , Re          , Re          , Re          
Gs^Ft       , Gs^Ft       , Gg          , Gs          , Gs^Ft       , Gs^Ft       , Gs^Ft       , Gs          , Gg          , Gg          , Gs          , Gs          , Gs          , Gg          , Gg          , Gg          , Gg          , Gs^Ft       , Gs^Ft       , Gs          , Ww          , Ww          , Re          , Gs^Ft       , Rd          , Re          , Re          , Re          , Re          , Gs^Ft       , Re          , Re          , Gs^Ft       , Gs^Ft       , Ww          , Ww          , Re          , Re          , Gs^Ft       , Re          , Re          , Re          , Rd          , Gs^Ft       , Gs^Ft       , Re          , Re          , Re          , Re          , Re          , Gs^Ft       , Re          
Gs^Ft       , Gs^Ft       , Gs^Ft       , Gs^Ft       , Gs^Ft       , Gs^Ft       , Gs^Ft       , Gs^Ft       , Gs^Ft       , Gg          , Gs          , Gs          , Gs^Ft       , Gs^Ft       , Gs^Ft       , Gs^Ft       , Gs^Ft       , Gs^Ft       , Gs^Ft       , Gs          , Ww          , Re          , Gs^Ft       , Gs^Ft       , Rd          , Gs^Ft       , Gs^Ft       , Gs^Ft       , Gs^Ft       , Gs^Ft       , Re          , Re          , Re          , Re          , Ww          , Re          , Gs^Ft       , Gs^Ft       , Gs^Ft       , Gs^Ft       , Re          , Re          , Rd          , Gs^Ft       , Gs^Ft       , Re          , Gs^Ft       , Gs^Ft       , Gs^Ft       , Gs^Ft       , Gs^Ft       , Gs^Ft       
