border_size=1
usage=map

Xos         , Xos         , Xos         , Xos         , Xos         , Xos         , Xos         , Xos         , Xos         , Xos         , Xos         , Xos         , Xos         , Xos         , Xos         , Xos         , Xos         , Xos         , Xos         , Xos         , Xos         , Xos         
Xos         , Xos         , Xos         , Xos         , Xos         , Xos         , Xos         , Xos         , Xos         , Xos         , Xos         , Xos         , Xos         , Xos         , Xos         , Xos         , Xos         , Xos         , Xos         , Xos         , Xos         , Xos         
Xos         , Xos         , Xos         , Xos         , Xos         , Xos         , Xos         , Xos         , Xos         , Xos         , Xos         , Xos         , Xos         , Xos         , Xos         , Xos         , Xos         , Xos         , Xos         , Xos         , Xos         , Xos         
Xos         , Xos         , Xos         , Xos         , Xos         , Xos         , Xos         , Xos         , Xos         , Xos         , Xos         , Xos         , Xos         , Xos         , Xos         , Xos         , Xos         , Xos         , Xos         , Xos         , Xos         , Xos         
Xos         , Xos         , Xos         , Xos         , Xos         , Xos         , Xos         , Xos         , Xos         , Xos         , Xos         , Xos         , Xos         , Xos         , Xos         , Xos         , Xos         , Xos         , Xos         , Xos         , Xos         , Xos         
Xos         , Xos         , Xos         , Xos         , Xos         , Xos         , Xos         , Xos         , Xos         , Xos         , Xos         , Xos         , Xos         , Xos         , Xos         , Xos         , Xos         , Xos         , Xos         , Xos         , Xos         , Xos         
Xos         , Xos         , Xos         , Xos         , Xos         , Xos         , Xos         , Xos         , Xos         , Xos         , Xos         , Xos         , Xos         , Xos         , Xos         , Xos         , Xos         , Xos         , Xos         , Xos         , Xos         , Xos         
Xos         , Xos         , Xos         , Xos         , Xos         , Xos         , Xos         , Xos         , Xos         , Xos         , Xos         , Xos         , Xos         , Xos         , Xos         , Xos         , Xos         , Xos         , Xos         , Xos         , Xos         , Xos         
Xos         , Xos         , Xos         , Xos         , Xos         , Xos         , Xos         , Xos         , Xos         , Xos         , Xos         , Xos         , Xos         , Xos         , Xos         , Xos         , Xos         , Xos         , Xos         , Xos         , Xos         , Xos         
Xos         , Xos         , Xos         , Xos         , Xos         , Xos         , Xos         , Xos         , Yf          , 1 Kh        , Yf          , Xos         , Xos         , Xos         , Xos         , Xos         , Xos         , Xos         , Xos         , Xos         , Xos         , Xos         
Xos         , Xos         , Xos         , Xos         , Xos         , Xos         , Xos         , Xos         , Yf          , Yf          , Yf          , Xos         , Xos         , Xos         , Xos         , Xos         , Xos         , Xos         , Xos         , Xos         , Xos         , Xos         
Xos         , Xos         , Xos         , Xos         , Xos         , Xos         , Xos         , Xos         , Yf          , Yf          , Yf          , Xos         , Xos         , Xos         , Xos         , Xos         , Xos         , Xos         , Xos         , Xos         , Xos         , Xos         
Xos         , Xos         , Xos         , Xos         , Xos         , Xos         , Xos         , Xos         , Yf          , Yf          , Yf          , Xos         , Xos         , Xos         , Xos         , Xos         , Xos         , Xos         , Xos         , Xos         , Xos         , Xos         
Xos         , Xos         , Xos         , Xos         , Xos         , Xos         , Xos         , Xos         , Yf          , Yf          , Yf          , Xos         , Xos         , Xos         , Xos         , Xos         , Xos         , Xos         , Xos         , Xos         , Xos         , Xos         
Xos         , Xos         , Xos         , Xos         , Xos         , Xos         , Xos         , Xos         , Yf          , Yf          , Yf          , Xos         , Xos         , Xos         , Xos         , Xos         , Xos         , Xos         , Xos         , Xos         , Xos         , Xos         
Xos         , Xos         , Xos         , Xos         , Xos         , Xos         , Xos         , Xos         , Yf          , Yf          , Yf          , Xos         , Xos         , Xos         , Xos         , Xos         , Xos         , Xos         , Xos         , Xos         , Xos         , Xos         
Xos         , Xos         , Xos         , Xos         , Xos         , Xos         , Xos         , Xos         , Yf          , Yf          , Yf          , Xos         , Xos         , Xos         , Xos         , Xos         , Xos         , Xos         , Xos         , Xos         , Xos         , Xos         
Xos         , Xos         , Xos         , Xos         , Xos         , Xos         , Xos         , Xos         , Yf          , Yf          , Yf          , Xos         , Xos         , Xos         , Xos         , Xos         , Xos         , Xos         , Xos         , Xos         , Xos         , Xos         
Xos         , Xos         , Xos         , Xos         , Xos         , Xos         , Xos         , Xos         , Yf          , Yf          , Yf          , Xos         , Xos         , Xos         , Xos         , Xos         , Xos         , Xos         , Xos         , Xos         , Xos         , Xos         
Xos         , Xos         , Xos         , Xos         , Xos         , Xos         , Xos         , Xos         , Yf          , Yf          , Yf          , Xos         , Xos         , Xos         , Xos         , Xos         , Xos         , Xos         , Xos         , Xos         , Xos         , Xos         
Xos         , Xos         , Xos         , Xos         , Xos         , Xos         , Xos         , Xos         , Yf          , Yf          , Yf          , Xos         , Xos         , Xos         , Xos         , Xos         , Xos         , Xos         , Xos         , Xos         , Xos         , Xos         
Xos         , Xos         , Xos         , Xos         , Xos         , Xos         , Xos         , Xos         , Yf          , Yf          , Yf          , Xos         , Xos         , Xos         , Xos         , Xos         , Xos         , Xos         , Xos         , Xos         , Xos         , Xos         
Xos         , Xos         , Xos         , Xos         , Xos         , Xos         , Xos         , Xos         , Yf          , Yf          , Yf          , Xos         , Xos         , Xos         , Xos         , Xos         , Xos         , Xos         , Xos         , Xos         , Xos         , Xos         
Xos         , Xos         , Xos         , Xos         , Xos         , Xos         , Xos         , Xos         , Yf          , Yf          , Yf          , Xos         , Xos         , Xos         , Xos         , Xos         , Xos         , Xos         , Xos         , Xos         , Xos         , Xos         
Xos         , Xos         , Xos         , Xos         , Xos         , Xos         , Xos         , Xos         , Yf          , Yf          , Yf          , Xos         , Xos         , Xos         , Xos         , Xos         , Xos         , Xos         , Xos         , Xos         , Xos         , Xos         
Xos         , Xos         , Xos         , Xos         , Xos         , Xos         , Xos         , Xos         , Yf          , Yf          , Yf          , Xos         , Xos         , Xos         , Xos         , Xos         , Xos         , Xos         , Xos         , Xos         , Xos         , Xos         
Xos         , Xos         , Xos         , Xos         , Xos         , Xos         , Xos         , Xos         , Yf          , Yf          , Yf          , Xos         , Xos         , Xos         , Xos         , Xos         , Xos         , Xos         , Xos         , Xos         , Xos         , Xos         
Xos         , Xos         , Xos         , Xos         , Xos         , Xos         , Xos         , Xos         , Yf          , Yf          , Yf          , Xos         , Xos         , Xos         , Xos         , Xos         , Xos         , Xos         , Xos         , Xos         , Xos         , Xos         
Xos         , Xos         , Xos         , Xos         , Xos         , Xos         , Xos         , Xos         , Yf          , Yf          , Yf          , Xos         , Xos         , Xos         , Xos         , Xos         , Xos         , Xos         , Xos         , Xos         , Xos         , Xos         
Xos         , Xos         , Xos         , Xos         , Xos         , Xos         , Xos         , Xos         , Yf          , Yf          , Yf          , Xos         , Xos         , Xos         , Xos         , Xos         , Xos         , Xos         , Xos         , Xos         , Xos         , Xos         
Xos         , Xos         , Xos         , Xos         , Xos         , Xos         , Xos         , Xos         , Yf          , Yf          , Yf          , Xos         , Xos         , Xos         , Xos         , Xos         , Xos         , Xos         , Xos         , Xos         , Xos         , Xos         
Xos         , Xos         , Xos         , Xos         , Xos         , Xos         , Xos         , Xos         , Yf          , Yf          , Yf          , Xos         , Xos         , Xos         , Xos         , Xos         , Xos         , Xos         , Xos         , Xos         , Xos         , Xos         
