border_size=1
usage=map

Xos         , Xos         , Ur          , Xos         , Xos         , Xos         , Xos         , Xos         , Xos         , Xos         , Xos         , Xos         , Xos         , Xos         , Xos         , Xos         , Xos         , Xos         , Xos         , Xos         , Xos         , Xos         , Xos         , Xos         , Xos         , Xos         , Xos         , Xos         , Xos         , Xos         , Xos         , Xos         
Xos         , Ur          , 4 Kud       , Ur          , Ch          , Ur          , Ur          , Xos         , Xos         , Xos         , Xos         , Xos         , Xos         , Xos         , Xos         , Xos         , Xos         , Xos         , Xos         , Xos         , Xos         , Xos         , Xos         , Xos         , Xos         , Xos         , Xos         , Xos         , Gg^Ve       , Gg^Ve       , Gg^Ve       , Xos         
Xos         , Ur          , Ch          , Ch          , Ur          , Ur          , Ur          , Xos         , Xos         , Xos         , Xos         , Xos         , Xos         , Xos         , Xos         , Xos         , Xos         , Xos         , Yf          , Yf          , Yf          , Yf          , Yf          , Xos         , Xos         , Xos         , Xos         , Xos         , Xos         , Xos         , Xos         , Xos         
Xos         , Xos         , Ur          , Ur          , Ur          , Ur          , Ur          , Ur          , Xos         , Xos         , Xos         , Xos         , Xos         , Xos         , Xos         , Xos         , Xos         , Yf          , Yf          , Yf          , Yf          , Yf          , Yf          , Yf          , Yf          , Xos         , Xos         , Xos         , Xos         , Xos         , Xos         , Xos         
Xos         , Ur          , Ur          , Ur          , Ur          , Ur          , Ur          , Ur          , Ur          , Xos         , Ur          , Xos         , Ur          , Xos         , Ur          , Xos         , Xos         , Yf          , Yf          , Yf          , Yf          , Yf          , Yf          , Yf          , Yf          , Xos         , Xos         , Xos         , Xos         , Xos         , Xos         , Xos         
Xos         , Ur          , Ur          , Ur          , Ur          , Ur          , Ur          , Ur          , Ur          , Ur          , Ur          , Ur          , Ur          , Ur          , Ur          , Ur          , Xos         , Yf          , Yf          , Yf          , Yf          , Yf          , Yf          , Yf          , Xos         , Xos         , Xos         , Xos         , Xos         , Xos         , Xos         , Xos         
Xos         , Xos         , Xos         , Xos         , Xos         , Ur          , Xos         , Xos         , Xos         , Ur          , Xos         , Ur          , Xos         , Ur          , Ur          , Ur          , Xos         , Xos         , Yf          , Yf          , Yf          , Yf          , Xos         , Xos         , Xos         , Xos         , Xos         , Xos         , Xos         , Xos         , Xos         , Xos         
Xos         , Xos         , Xos         , Xos         , Xos         , Xos         , Xos         , Xos         , Xos         , Xos         , Xos         , Xos         , Xos         , Ur          , Ur          , Ur          , Xos         , Xos         , Xos         , Yf          , Xos         , Xos         , Xos         , Xos         , Xos         , Xos         , Xos         , Xos         , Yf          , Xos         , Xos         , Xos         
Xos         , Xos         , Xos         , Xos         , Xos         , Xos         , Xos         , Xos         , Xos         , Xos         , Xos         , Xos         , Xos         , Xos         , Xos         , Xos         , Xos         , Xos         , Xos         , Xos         , Xos         , Xos         , Yf          , Xos         , Xos         , Xos         , Xos         , Yf          , Yf          , Yf          , Xos         , Xos         
Xos         , Xos         , Xos         , Xos         , Xos         , Xos         , Xos         , Xos         , Xos         , Xos         , Xos         , Xos         , Xos         , Ur          , Ur          , Ur          , Xos         , Xos         , Xos         , Xos         , Yf          , Yf          , Yf          , Xos         , Xos         , Xos         , Yf          , Yf          , Yf          , Yf          , Xos         , Xos         
Xos         , Xos         , Xos         , Xos         , Xos         , Xos         , Xos         , Xos         , Xos         , Xos         , Xos         , Xos         , Xos         , Ur          , Ur          , Ur          , Xos         , Xos         , Yf          , Yf          , Yf          , Yf          , Yf          , Xos         , Xos         , Xos         , Yf          , Yf          , Yf          , Yf          , Xos         , Xos         
Xos         , Xos         , Xos         , Xos         , Xos         , Xos         , Xos         , Xos         , Xos         , Xos         , Xos         , Xos         , Xos         , Ur          , Ur          , Ur          , Xos         , Yf          , Yf          , Yf          , Yf          , Yf          , Yf          , Xos         , Xos         , Xos         , Yf          , Yf          , Yf          , Yf          , Xos         , Xos         
Xos         , Xos         , Xos         , Xos         , Xos         , Xos         , Xos         , Xos         , Xos         , Xos         , Ur          , Xos         , Ur          , Ur          , Ur          , Ur          , Xos         , Yf          , Yf          , Yf          , Yf          , Yf          , Yf          , Xos         , Xos         , Xos         , Yf          , Yf          , Yf          , Yf          , Xos         , Xos         
Xos         , Xos         , Xos         , Xos         , Xos         , Xos         , Xos         , Xos         , Ur          , Ur          , Ur          , Ur          , Ur          , Ur          , Ur          , Ur          , Xos         , Xos         , Xos         , Yf          , Yf          , Yf          , Yf          , Xos         , Xos         , Xos         , Yf          , Yf          , Yf          , Yf          , Xos         , Xos         
Xos         , Xos         , Xos         , Xos         , Xos         , Xos         , Ur          , Ur          , Ur          , Ur          , Xos         , Xos         , Xos         , Ur          , Ur          , Ur          , Xos         , Xos         , Xos         , Xos         , Xos         , Xos         , Yf^Ii       , Xos         , Xos         , Xos         , Xos         , Yf          , Yf          , Yf          , Xos         , Xos         
Xos         , Xos         , Xos         , Xos         , Ur          , Ur          , Ur          , Ur          , Xos         , Xos         , Xos         , Xos         , Xos         , Ur          , Ur          , Ur          , Xos         , Xos         , Xos         , Xos         , Xos         , Xos         , Xos         , Yf^Ii       , Xos         , Xos         , Xos         , Yf          , Xos         , Xos         , Xos         , Xos         
Xos         , Xos         , Ur          , Ur          , Ur          , Ur          , Ur          , Xos         , Xos         , Xos         , Xos         , Xos         , Xos         , Ur          , Ur          , Ur          , Xos         , Xos         , Xos         , Xos         , Xos         , Xos         , Xos         , Xos         , Xos         , Xos         , Xos         , Xos         , Xos         , Xos         , Xos         , Xos         
Xos         , Ur          , Ur          , Ur          , Ur          , Ur          , Xos         , Xos         , Xos         , Xos         , Xos         , Xos         , Xos         , Ur          , Ur          , Ur          , Xos         , Xos         , Xos         , Xos         , Xos         , Xos         , Xos         , Xos         , Xos         , Xos         , Xos         , Xos         , Xos         , Xos         , Xos         , Xos         
Xos         , Ur          , Ur          , Ur          , Xos         , Xos         , Xos         , Xos         , Xos         , Xos         , Xos         , Xos         , Xos         , Ur          , Ur          , Ur          , Xos         , Xos         , Xos         , Xos         , Xos         , Xos         , Xos         , Xos         , Xos         , Xos         , Xos         , Xos         , Xos         , Xos         , Xos         , Xos         
Xos         , Ur          , Ur          , Xos         , Xos         , Xos         , Ur          , Ur          , Ur          , Xos         , Xos         , Xos         , Ur          , Ur          , Ur          , Ur          , Ur          , Xos         , Xos         , Xos         , Xos         , Xos         , Xos         , Xos         , Xos         , Xos         , Xos         , Xos         , Xos         , Xos         , Xos         , Xos         
Xos         , Ur          , Ur          , Xos         , Xos         , Ur          , Ur          , Ur          , Ur          , Ur          , Ur          , Ur          , Ur          , Ur          , Xos         , Ur          , Ur          , Ur          , Ur          , Ur          , Xos         , Yf          , Yf          , Xos         , Xos         , Xos         , Xos         , Xos         , Xos         , Xos         , Xos         , Xos         
Xos         , Ur          , Ur          , Xos         , Xos         , Ur          , Ur          , Ur          , Ur          , Ur          , Ur          , Ur          , Ur          , Xos         , Xos         , Xos         , Ur          , Ur          , Ur          , Ur          , Xos         , Yf          , Yf          , Yf          , Xos         , Xos         , Xos         , Xos         , Xos         , Xos         , Xos         , Xos         
Xos         , Ur          , Ur          , Xos         , Xos         , Ur          , Ur          , Ur          , Xos         , Ur          , Xos         , Ur          , Ur          , Ur          , Ur          , Ur          , Ur          , Xos         , Xos         , Ur          , Xos         , Yf          , Yf          , Yf          , Xos         , Xos         , Xos         , Xos         , Xos         , Xos         , Xos         , Xos         
Xos         , Ur          , Ur          , Xos         , Xos         , Ur          , Ur          , Xos         , Xos         , Xos         , Xos         , Xos         , Xos         , Ur          , Ur          , Ur          , Xos         , Xos         , Xos         , Xos         , Xos         , Yf          , Yf          , Yf^Ii       , Xos         , Xos         , Xos         , Xos         , Xos         , Xos         , Xos         , Xos         
Xos         , Ur          , Ur          , Xos         , Xos         , Ur          , Ur          , Xos         , Xos         , Xos         , Ur          , Xos         , Xos         , Ur          , Ur          , Ur          , Xos         , Xos         , Xos         , Xos         , Xos         , Yf          , Yf          , Yf^Ii       , Xos         , Xos         , Xos         , Xos         , Xos         , Xos         , Xos         , Xos         
Xos         , Ur          , Ur          , Xos         , Xos         , Ur          , Xos         , Xos         , Xos         , Ur          , Ur          , Xos         , Xos         , Ur          , Ur          , Ur          , Xos         , Xos         , Xos         , Xos         , Xos         , Yf          , Yf^Ii       , Yf^Ii       , Xos         , Xos         , Xos         , Xos         , Xos         , Xos         , Xos         , Xos         
Xos         , Ur          , Ur          , Xos         , Xos         , Xos         , Xos         , Xos         , Xos         , Ur          , Ur          , Xos         , Xos         , Ur          , Ur          , Ur          , Xos         , Xos         , Xos         , Xos         , Xos         , Yf^Ii       , Xos         , Yf^Ii       , Xos         , Xos         , Xos         , Xos         , Xos         , Xos         , Xos         , Xos         
Xos         , Ch          , Ch          , Ch          , Ur          , Xos         , Ur          , Xos         , Ur          , Ur          , Ur          , Xos         , Xos         , Ur          , Ur          , Ur          , Xos         , Xos         , Xos         , Xos         , Xos         , Xos         , Xos         , Xos         , Xos         , Xos         , Xos         , Xos         , Xos         , Xos         , Xos         , Xos         
Xos         , Ch          , 3 Kh        , Ch          , Xos         , Ur          , Ur          , Ur          , Xos         , Ur          , Ur          , Xos         , Ur          , Ur          , Ur          , Ur          , Ur          , Xos         , Xos         , Xos         , Xos         , Xos         , Xos         , Xos         , Xos         , Xos         , Xos         , Xos         , Xos         , Xos         , Xos         , Xos         
Xos         , Xos         , Xos         , Xos         , Xos         , Xos         , Xos         , Xos         , Xos         , Xos         , Xos         , Xos         , Ur          , Ch          , Ch          , Ch          , Ur          , Xos         , Xos         , Xos         , Xos         , Xos         , Xos         , Xos         , Xos         , Xos         , Xos         , Xos         , Xos         , Xos         , Xos         , Xos         
Xos         , 2 Kh        , Xos         , Xos         , Xos         , Xos         , Xos         , Xos         , Xos         , Xos         , Xos         , Xos         , Ur          , Ch          , 1 Kh        , Ch          , Ur          , Xos         , Xos         , Xos         , Xos         , Xos         , Xos         , Xos         , Xos         , Xos         , Xos         , Xos         , Xos         , Xos         , 5 Kh        , Xos         
Xos         , Xos         , Xos         , Xos         , Xos         , Xos         , Xos         , Xos         , Xos         , Xos         , Xos         , Xos         , Xos         , Ur          , Ur          , Ur          , Xos         , Xos         , Xos         , Xos         , Xos         , Xos         , Xos         , Xos         , Xos         , Xos         , Xos         , Xos         , Xos         , Xos         , Xos         , Xos         
